// Jest Snapshot v1, https://goo.gl/fbAQLP

exports[`Test group for EntityList renders Login correctly 1`] = `
<View
  style={
    Object {
      "alignItems": "center",
      "flex": 1,
      "justifyContent": "center",
    }
  }
>
  <View
    style={
      Object {
        "alignItems": "center",
        "alignSelf": "center",
        "height": "100%",
        "paddingTop": 63,
        "width": "100%",
      }
    }
  >
    <Image
      source={
        Object {
          "testUri": "../../../Images/bg.jpg",
        }
      }
      style={
        Array [
          Object {
            "bottom": 0,
            "left": 0,
            "position": "absolute",
            "right": 0,
            "top": 0,
          },
          Object {
            "height": "100%",
            "width": "100%",
          },
          undefined,
        ]
      }
    />
    <View
      style={
        Object {
          "alignItems": "center",
          "display": "flex",
        }
      }
    >
      <Image
        source={
          Object {
            "testUri": "../../../Images/ic_launcher.png",
          }
        }
        style={
          Object {
            "height": 200,
            "width": 200,
          }
        }
      />
    </View>
    <View
      style={
        Object {
          "alignItems": "center",
          "display": "flex",
        }
      }
    >
      <Image
        source={
          Object {
            "testUri": "../../../Images/integrateHeader1.png",
          }
        }
        style={
          Array [
            Object {
              "height": 58,
              "width": 293,
            },
            Object {
              "marginBottom": 20,
              "marginTop": 10,
            },
          ]
        }
      />
      <TextInput
        allowFontScaling={true}
        onChangeText={[Function]}
        placeholder="Introduir NIF/NIE"
        style={
          Array [
            Object {
              "backgroundColor": "rgba(255,255,255,0.85)",
              "borderColor": "#0c59cf",
              "borderRadius": 2,
              "borderWidth": 1,
              "height": 35,
              "justifyContent": "center",
              "margin": 10,
              "padding": 0,
              "paddingLeft": 5,
              "width": 260,
            },
          ]
        }
        underlineColorAndroid="rgba(0,0,0,0)"
        value=""
      />
      <TextInput
        allowFontScaling={true}
        onChangeText={[Function]}
        placeholder="Introduir contrasenya"
        secureTextEntry={true}
        style={
          Array [
            Object {
              "backgroundColor": "rgba(255,255,255,0.85)",
              "borderColor": "#0c59cf",
              "borderRadius": 2,
              "borderWidth": 1,
              "height": 35,
              "justifyContent": "center",
              "margin": 10,
              "padding": 0,
              "paddingLeft": 5,
              "width": 260,
            },
          ]
        }
        underlineColorAndroid="rgba(0,0,0,0)"
        value=""
      />
      <Text
        accessible={true}
        allowFontScaling={true}
        ellipsizeMode="tail"
        onPress={[Function]}
        style={
          Object {
            "backgroundColor": "transparent",
            "textDecorationLine": "underline",
          }
        }
      >
        He oblidat la contrasenya?
      </Text>
      <View
        accessibilityComponentType={undefined}
        accessibilityLabel={undefined}
        accessibilityTraits={undefined}
        accessible={true}
        hasTVPreferredFocus={undefined}
        hitSlop={undefined}
        isTVSelectable={true}
        nativeID={undefined}
        onLayout={undefined}
        onResponderGrant={[Function]}
        onResponderMove={[Function]}
        onResponderRelease={[Function]}
        onResponderTerminate={[Function]}
        onResponderTerminationRequest={[Function]}
        onStartShouldSetResponder={[Function]}
        style={
          Array [
            Object {
              "backgroundColor": "transparent",
            },
            Array [
              Object {
                "borderColor": "#0c59cf",
                "borderRadius": 4,
                "borderWidth": 1,
                "height": 30,
                "justifyContent": "center",
                "margin": 10,
                "width": 260,
              },
              Object {
                "backgroundColor": "#CCC",
              },
            ],
          ]
        }
        testID={undefined}
        tvParallaxProperties={undefined}
      >
        <Text
          accessible={true}
          allowFontScaling={true}
          ellipsizeMode="tail"
          style={
            Object {
              "alignSelf": "center",
              "color": "#666",
              "fontWeight": "bold",
            }
          }
        >
          Entra
        </Text>
      </View>
    </View>
    <View
      style={
        Array [
          Object {
            "backgroundColor": "rgba(0,0,0,0.40)",
            "bottom": 0,
            "justifyContent": "center",
            "left": 0,
            "padding": 20,
            "position": "absolute",
            "right": 0,
            "top": 0,
          },
          Object {
            "display": "none",
          },
        ]
      }
    >
      <View
        style={
          Object {
            "backgroundColor": "white",
            "padding": 10,
          }
        }
      >
        <Text
          accessible={true}
          allowFontScaling={true}
          ellipsizeMode="tail"
          style={
            Object {
              "fontWeight": "bold",
              "textAlign": "center",
            }
          }
        >
          El Nie / Nif o la contrasenya s√≥n incorrectes
        </Text>
        <View
          accessibilityComponentType={undefined}
          accessibilityLabel={undefined}
          accessibilityTraits={undefined}
          accessible={true}
          hasTVPreferredFocus={undefined}
          hitSlop={undefined}
          isTVSelectable={true}
          nativeID={undefined}
          onLayout={undefined}
          onResponderGrant={[Function]}
          onResponderMove={[Function]}
          onResponderRelease={[Function]}
          onResponderTerminate={[Function]}
          onResponderTerminationRequest={[Function]}
          onStartShouldSetResponder={[Function]}
          style={
            Array [
              Object {
                "backgroundColor": "transparent",
              },
              Object {
                "alignSelf": "center",
                "backgroundColor": "#67ACB1",
                "borderColor": "#094671",
                "borderRadius": 4,
                "borderWidth": 3,
                "display": "flex",
                "flexDirection": "column",
                "height": 40,
                "justifyContent": "center",
                "margin": 10,
                "width": 100,
              },
            ]
          }
          testID={undefined}
          tvParallaxProperties={undefined}
        >
          <Text
            accessible={true}
            allowFontScaling={true}
            ellipsizeMode="tail"
            style={
              Array [
                Object {
                  "fontWeight": "bold",
                  "textAlign": "center",
                },
                Object {
                  "color": "#094671",
                  "fontWeight": "bold",
                },
              ]
            }
          >
            CLOSE
          </Text>
        </View>
      </View>
    </View>
  </View>
</View>
`;
